// Jest Snapshot v1, https://goo.gl/fbAQLP

exports[`ToDoForm when component has rendered Should match snapshot 1`] = `
<Connect(Form(ToDoForm))
  destroyOnUnmount={true}
  enableReinitialize={false}
  forceUnregisterOnUnmount={false}
  form="addToDo"
  getFormState={[Function]}
  keepDirtyOnReinitialize={false}
  persistentSubmitErrors={false}
  pure={true}
  shouldAsyncValidate={[Function]}
  shouldError={[Function]}
  shouldValidate={[Function]}
  shouldWarn={[Function]}
  touchOnBlur={true}
  touchOnChange={false}
  updateUnregisteredFields={false}
  validate={[Function]}
  warn={[Function]}
/>
`;
